#! /usr/local/Cellar/icarus-verilog/13.0/bin/vvp
:ivl_version "13.0 (stable)" "(v13_0)";
:ivl_delay_selection "TYPICAL";
:vpi_time_precision - 9;
:vpi_module "/usr/local/Cellar/icarus-verilog/13.0/lib/ivl/system.vpi";
:vpi_module "/usr/local/Cellar/icarus-verilog/13.0/lib/ivl/vhdl_sys.vpi";
:vpi_module "/usr/local/Cellar/icarus-verilog/13.0/lib/ivl/vhdl_textio.vpi";
:vpi_module "/usr/local/Cellar/icarus-verilog/13.0/lib/ivl/v2005_math.vpi";
:vpi_module "/usr/local/Cellar/icarus-verilog/13.0/lib/ivl/va_math.vpi";
:vpi_module "/usr/local/Cellar/icarus-verilog/13.0/lib/ivl/v2009.vpi";
S_0x7ff6de9041f0 .scope package, "$unit" "$unit" 2 1;
 .timescale 0 0;
S_0x7ff6de904360 .scope module, "slicer_top" "slicer_top" 3 3;
 .timescale -9 -9;
    .port_info 0 /INPUT 1 "clk";
    .port_info 1 /INPUT 1 "rst_async_n";
    .port_info 2 /INPUT 1 "i_calc_cost";
    .port_info 3 /INPUT 7 "i_data_i";
    .port_info 4 /INPUT 7 "i_data_q";
    .port_info 5 /INPUT 7 "i_threshold";
    .port_info 6 /INPUT 7 "i_sample_pos";
    .port_info 7 /OUTPUT 17 "o_energy";
    .port_info 8 /OUTPUT 1 "o_cost_rdy";
P_0x600002238000 .param/l "NBW_IN" 0 3 6, +C4<00000000000000000000000000000111>;
P_0x600002238040 .param/l "NBW_OUT" 0 3 7, +C4<00000000000000000000000000001000>;
P_0x600002238080 .param/l "NBW_REF" 0 3 4, +C4<00000000000000000000000000000111>;
P_0x6000022380c0 .param/l "NBW_TH" 0 3 5, +C4<00000000000000000000000000000111>;
v0x600002c3c7e0_0 .net/s *"_ivl_10", 16 0, L_0x600002f38320;  1 drivers
v0x600002c3c870_0 .net/s *"_ivl_13", 16 0, L_0x600002f383c0;  1 drivers
v0x600002c3c900_0 .net/s *"_ivl_2", 16 0, L_0x600002f380a0;  1 drivers
v0x600002c3c990_0 .net/s *"_ivl_4", 16 0, L_0x600002f38140;  1 drivers
v0x600002c3ca20_0 .net/s *"_ivl_7", 16 0, L_0x600002f381e0;  1 drivers
v0x600002c3cab0_0 .net/s *"_ivl_8", 16 0, L_0x600002f38280;  1 drivers
v0x600002c3cb40_0 .var "calc_cost_ff", 1 0;
o0x7ff6de8324b8 .functor BUFZ 1, c4<z>; HiZ drive
v0x600002c3cbd0_0 .net "clk", 0 0, o0x7ff6de8324b8;  0 drivers
o0x7ff6de8324e8 .functor BUFZ 1, c4<z>; HiZ drive
v0x600002c3cc60_0 .net "i_calc_cost", 0 0, o0x7ff6de8324e8;  0 drivers
o0x7ff6de832008 .functor BUFZ 7, c4<zzzzzzz>; HiZ drive
v0x600002c3ccf0_0 .net/s "i_data_i", 6 0, o0x7ff6de832008;  0 drivers
o0x7ff6de8321e8 .functor BUFZ 7, c4<zzzzzzz>; HiZ drive
v0x600002c3cd80_0 .net/s "i_data_q", 6 0, o0x7ff6de8321e8;  0 drivers
o0x7ff6de832038 .functor BUFZ 7, c4<zzzzzzz>; HiZ drive
v0x600002c3ce10_0 .net/s "i_sample_pos", 6 0, o0x7ff6de832038;  0 drivers
o0x7ff6de832068 .functor BUFZ 7, c4<zzzzzzz>; HiZ drive
v0x600002c3cea0_0 .net/s "i_threshold", 6 0, o0x7ff6de832068;  0 drivers
v0x600002c3cf30_0 .net "o_cost_rdy", 0 0, L_0x600002f38000;  1 drivers
v0x600002c3cfc0_0 .net/s "o_energy", 16 0, L_0x600002f38460;  1 drivers
o0x7ff6de832578 .functor BUFZ 1, c4<z>; HiZ drive
v0x600002c3d050_0 .net "rst_async_n", 0 0, o0x7ff6de832578;  0 drivers
v0x600002c3d0e0_0 .net/s "slicer_i", 7 0, v0x600002c3c2d0_0;  1 drivers
v0x600002c3d170_0 .var/s "slicer_i_dff", 7 0;
v0x600002c3d200_0 .net/s "slicer_q", 7 0, v0x600002c3c630_0;  1 drivers
v0x600002c3d290_0 .var/s "slicer_q_dff", 7 0;
E_0x600000b38fc0/0 .event negedge, v0x600002c3d050_0;
E_0x600000b38fc0/1 .event posedge, v0x600002c3cbd0_0;
E_0x600000b38fc0 .event/or E_0x600000b38fc0/0, E_0x600000b38fc0/1;
L_0x600002f38000 .part v0x600002c3cb40_0, 1, 1;
L_0x600002f380a0 .extend/s 17, v0x600002c3d170_0;
L_0x600002f38140 .extend/s 17, v0x600002c3d170_0;
L_0x600002f381e0 .arith/mult 17, L_0x600002f380a0, L_0x600002f38140;
L_0x600002f38280 .extend/s 17, v0x600002c3d290_0;
L_0x600002f38320 .extend/s 17, v0x600002c3d290_0;
L_0x600002f383c0 .arith/mult 17, L_0x600002f38280, L_0x600002f38320;
L_0x600002f38460 .arith/sum 17, L_0x600002f381e0, L_0x600002f383c0;
S_0x7ff6de9054c0 .scope module, "uu_slicer_i" "slicer" 3 32, 4 3 0, S_0x7ff6de904360;
 .timescale -9 -9;
    .port_info 0 /INPUT 7 "i_data";
    .port_info 1 /INPUT 7 "i_threshold";
    .port_info 2 /INPUT 7 "i_sample_pos";
    .port_info 3 /OUTPUT 8 "o_data";
P_0x600002238100 .param/l "NBW_IN" 0 4 4, +C4<00000000000000000000000000000111>;
P_0x600002238140 .param/l "NBW_OUT" 0 4 7, +C4<00000000000000000000000000001000>;
P_0x600002238180 .param/l "NBW_REF" 0 4 6, +C4<00000000000000000000000000000111>;
P_0x6000022381c0 .param/l "NBW_TH" 0 4 5, +C4<00000000000000000000000000000111>;
v0x600002c3c120_0 .net/s "i_data", 6 0, o0x7ff6de832008;  alias, 0 drivers
v0x600002c3c1b0_0 .net/s "i_sample_pos", 6 0, o0x7ff6de832038;  alias, 0 drivers
v0x600002c3c240_0 .net/s "i_threshold", 6 0, o0x7ff6de832068;  alias, 0 drivers
v0x600002c3c2d0_0 .var/s "o_data", 7 0;
v0x600002c3c360_0 .var/s "sample_pos_ext", 7 0;
v0x600002c3c3f0_0 .var/s "threshold_ext", 7 0;
E_0x600000b39100 .event anyedge, v0x600002c3c1b0_0, v0x600002c3c240_0, v0x600002c3c120_0;
S_0x7ff6de906a70 .scope module, "uu_slicer_q" "slicer" 3 45, 4 3 0, S_0x7ff6de904360;
 .timescale -9 -9;
    .port_info 0 /INPUT 7 "i_data";
    .port_info 1 /INPUT 7 "i_threshold";
    .port_info 2 /INPUT 7 "i_sample_pos";
    .port_info 3 /OUTPUT 8 "o_data";
P_0x600002238200 .param/l "NBW_IN" 0 4 4, +C4<00000000000000000000000000000111>;
P_0x600002238240 .param/l "NBW_OUT" 0 4 7, +C4<00000000000000000000000000001000>;
P_0x600002238280 .param/l "NBW_REF" 0 4 6, +C4<00000000000000000000000000000111>;
P_0x6000022382c0 .param/l "NBW_TH" 0 4 5, +C4<00000000000000000000000000000111>;
v0x600002c3c480_0 .net/s "i_data", 6 0, o0x7ff6de8321e8;  alias, 0 drivers
v0x600002c3c510_0 .net/s "i_sample_pos", 6 0, o0x7ff6de832038;  alias, 0 drivers
v0x600002c3c5a0_0 .net/s "i_threshold", 6 0, o0x7ff6de832068;  alias, 0 drivers
v0x600002c3c630_0 .var/s "o_data", 7 0;
v0x600002c3c6c0_0 .var/s "sample_pos_ext", 7 0;
v0x600002c3c750_0 .var/s "threshold_ext", 7 0;
E_0x600000b39280 .event anyedge, v0x600002c3c1b0_0, v0x600002c3c240_0, v0x600002c3c480_0;
    .scope S_0x7ff6de9054c0;
T_0 ;
Ewait_0 .event/or E_0x600000b39100, E_0x0;
    %wait Ewait_0;
    %load/vec4 v0x600002c3c1b0_0;
    %pad/s 8;
    %store/vec4 v0x600002c3c360_0, 0, 8;
    %load/vec4 v0x600002c3c240_0;
    %pad/s 8;
    %store/vec4 v0x600002c3c3f0_0, 0, 8;
    %load/vec4 v0x600002c3c240_0;
    %load/vec4 v0x600002c3c120_0;
    %cmp/s;
    %flag_or 5, 4;
    %jmp/0xz  T_0.0, 5;
    %load/vec4 v0x600002c3c360_0;
    %load/vec4 v0x600002c3c3f0_0;
    %add;
    %store/vec4 v0x600002c3c2d0_0, 0, 8;
    %jmp T_0.1;
T_0.0 ;
    %load/vec4 v0x600002c3c120_0;
    %pad/s 32;
    %cmpi/s 0, 0, 32;
    %flag_inv 5; GE is !LT
    %flag_get/vec4 5;
    %jmp/0 T_0.4, 5;
    %load/vec4 v0x600002c3c120_0;
    %load/vec4 v0x600002c3c240_0;
    %cmp/s;
    %flag_get/vec4 5;
    %and;
T_0.4;
    %flag_set/vec4 8;
    %jmp/0xz  T_0.2, 8;
    %load/vec4 v0x600002c3c360_0;
    %store/vec4 v0x600002c3c2d0_0, 0, 8;
    %jmp T_0.3;
T_0.2 ;
    %load/vec4 v0x600002c3c240_0;
    %inv;
    %addi 1, 0, 7;
    %load/vec4 v0x600002c3c120_0;
    %cmp/s;
    %flag_or 5, 4;
    %flag_get/vec4 5;
    %jmp/0 T_0.7, 5;
    %load/vec4 v0x600002c3c120_0;
    %pad/s 32;
    %cmpi/s 0, 0, 32;
    %flag_get/vec4 5;
    %and;
T_0.7;
    %flag_set/vec4 8;
    %jmp/0xz  T_0.5, 8;
    %load/vec4 v0x600002c3c360_0;
    %inv;
    %addi 1, 0, 8;
    %store/vec4 v0x600002c3c2d0_0, 0, 8;
    %jmp T_0.6;
T_0.5 ;
    %load/vec4 v0x600002c3c360_0;
    %inv;
    %addi 1, 0, 8;
    %load/vec4 v0x600002c3c3f0_0;
    %sub;
    %store/vec4 v0x600002c3c2d0_0, 0, 8;
T_0.6 ;
T_0.3 ;
T_0.1 ;
    %jmp T_0;
    .thread T_0, $push;
    .scope S_0x7ff6de906a70;
T_1 ;
Ewait_1 .event/or E_0x600000b39280, E_0x0;
    %wait Ewait_1;
    %load/vec4 v0x600002c3c510_0;
    %pad/s 8;
    %store/vec4 v0x600002c3c6c0_0, 0, 8;
    %load/vec4 v0x600002c3c5a0_0;
    %pad/s 8;
    %store/vec4 v0x600002c3c750_0, 0, 8;
    %load/vec4 v0x600002c3c5a0_0;
    %load/vec4 v0x600002c3c480_0;
    %cmp/s;
    %flag_or 5, 4;
    %jmp/0xz  T_1.0, 5;
    %load/vec4 v0x600002c3c6c0_0;
    %load/vec4 v0x600002c3c750_0;
    %add;
    %store/vec4 v0x600002c3c630_0, 0, 8;
    %jmp T_1.1;
T_1.0 ;
    %load/vec4 v0x600002c3c480_0;
    %pad/s 32;
    %cmpi/s 0, 0, 32;
    %flag_inv 5; GE is !LT
    %flag_get/vec4 5;
    %jmp/0 T_1.4, 5;
    %load/vec4 v0x600002c3c480_0;
    %load/vec4 v0x600002c3c5a0_0;
    %cmp/s;
    %flag_get/vec4 5;
    %and;
T_1.4;
    %flag_set/vec4 8;
    %jmp/0xz  T_1.2, 8;
    %load/vec4 v0x600002c3c6c0_0;
    %store/vec4 v0x600002c3c630_0, 0, 8;
    %jmp T_1.3;
T_1.2 ;
    %load/vec4 v0x600002c3c5a0_0;
    %inv;
    %addi 1, 0, 7;
    %load/vec4 v0x600002c3c480_0;
    %cmp/s;
    %flag_or 5, 4;
    %flag_get/vec4 5;
    %jmp/0 T_1.7, 5;
    %load/vec4 v0x600002c3c480_0;
    %pad/s 32;
    %cmpi/s 0, 0, 32;
    %flag_get/vec4 5;
    %and;
T_1.7;
    %flag_set/vec4 8;
    %jmp/0xz  T_1.5, 8;
    %load/vec4 v0x600002c3c6c0_0;
    %inv;
    %addi 1, 0, 8;
    %store/vec4 v0x600002c3c630_0, 0, 8;
    %jmp T_1.6;
T_1.5 ;
    %load/vec4 v0x600002c3c6c0_0;
    %inv;
    %addi 1, 0, 8;
    %load/vec4 v0x600002c3c750_0;
    %sub;
    %store/vec4 v0x600002c3c630_0, 0, 8;
T_1.6 ;
T_1.3 ;
T_1.1 ;
    %jmp T_1;
    .thread T_1, $push;
    .scope S_0x7ff6de904360;
T_2 ;
    %wait E_0x600000b38fc0;
    %load/vec4 v0x600002c3d050_0;
    %nor/r;
    %flag_set/vec4 8;
    %jmp/0xz  T_2.0, 8;
    %pushi/vec4 0, 0, 2;
    %assign/vec4 v0x600002c3cb40_0, 0;
    %jmp T_2.1;
T_2.0 ;
    %load/vec4 v0x600002c3cb40_0;
    %parti/s 1, 0, 2;
    %load/vec4 v0x600002c3cc60_0;
    %concat/vec4; draw_concat_vec4
    %assign/vec4 v0x600002c3cb40_0, 0;
T_2.1 ;
    %jmp T_2;
    .thread T_2;
    .scope S_0x7ff6de904360;
T_3 ;
    %wait E_0x600000b38fc0;
    %load/vec4 v0x600002c3d050_0;
    %nor/r;
    %flag_set/vec4 8;
    %jmp/0xz  T_3.0, 8;
    %pushi/vec4 0, 0, 8;
    %assign/vec4 v0x600002c3d170_0, 0;
    %pushi/vec4 0, 0, 8;
    %assign/vec4 v0x600002c3d290_0, 0;
    %jmp T_3.1;
T_3.0 ;
    %load/vec4 v0x600002c3cb40_0;
    %parti/s 1, 0, 2;
    %flag_set/vec4 8;
    %jmp/0xz  T_3.2, 8;
    %load/vec4 v0x600002c3d0e0_0;
    %assign/vec4 v0x600002c3d170_0, 0;
    %load/vec4 v0x600002c3d200_0;
    %assign/vec4 v0x600002c3d290_0, 0;
T_3.2 ;
T_3.1 ;
    %jmp T_3;
    .thread T_3;
# The file index is used to find the file name in the following table.
:file_names 5;
    "N/A";
    "<interactive>";
    "-";
    "my-agent/agent_files/cvdp_agentic_phase_rotation/13/rtl/slicer_top.sv";
    "my-agent/agent_files/cvdp_agentic_phase_rotation/13/rtl/slicer.sv";
